Traceback (most recent call last):
  File "/Users/lucas.ma/Downloads/dp learning final/code/cpp/tools/gen/45/gen.py", line 117, in <module>
    raise SystemExit(main())
                     ~~~~^^
  File "/Users/lucas.ma/Downloads/dp learning final/code/cpp/tools/gen/45/gen.py", line 77, in main
    root = work_dir(Path(td) / "build")
  File "/Users/lucas.ma/Downloads/dp learning final/code/cpp/tools/gen/45/gen.py", line 50, in work_dir
    shutil.copy(SRV / name, root / name)
    ~~~~~~~~~~~^^^^^^^^^^^^^^^^^^^^^^^^^
  File "/Users/lucas.ma/.workbuddy/binaries/python/versions/3.13.12/lib/python3.13/shutil.py", line 428, in copy
    copyfile(src, dst, follow_symlinks=follow_symlinks)
    ~~~~~~~~^^^^^^^^^^^^^^^^^^^^^^^^^^^^^^^^^^^^^^^^^^^
  File "/Applications/WorkBuddy.app/Contents/Resources/app.asar.unpacked/cli/vendor/shim/sitecustomize.py", line 701, in _brokered_shutil_copyfile
    if follow_symlinks and from_path and to_path and _broker_request_host_operation(
                                                     ~~~~~~~~~~~~~~~~~~~~~~~~~~~~~~^
        "copy", from_path, **{"from": from_path, "to": to_path, "recursive": False}
        ^^^^^^^^^^^^^^^^^^^^^^^^^^^^^^^^^^^^^^^^^^^^^^^^^^^^^^^^^^^^^^^^^^^^^^^^^^^
    ):
    ^
  File "/Applications/WorkBuddy.app/Contents/Resources/app.asar.unpacked/cli/vendor/shim/sitecustomize.py", line 501, in _broker_request_host_operation
    raise PermissionError(
    ...<2 lines>...
    )
PermissionError: Brokered host copy source refused by file policy: prompt
